Archive member included to satisfy reference by file (symbol)

/usr/bin/../lib/gcc/arm-none-eabi/5.4.1/../../../../arm-none-eabi/lib/armv7e-m/libg_nano.a(lib_a-errno.o)
                              ./system/src/newlib/_sbrk.o (__errno)
/usr/bin/../lib/gcc/arm-none-eabi/5.4.1/../../../../arm-none-eabi/lib/armv7e-m/libg_nano.a(lib_a-impure.o)
                              /usr/bin/../lib/gcc/arm-none-eabi/5.4.1/../../../../arm-none-eabi/lib/armv7e-m/libg_nano.a(lib_a-errno.o) (_impure_ptr)
/usr/bin/../lib/gcc/arm-none-eabi/5.4.1/../../../../arm-none-eabi/lib/armv7e-m/libg_nano.a(lib_a-strlen.o)
                              ./system/src/diag/Trace.o (strlen)
/usr/bin/../lib/gcc/arm-none-eabi/5.4.1/../../../../arm-none-eabi/lib/armv7e-m/libg_nano.a(lib_a-vsnprintf.o)
                              ./system/src/diag/Trace.o (vsnprintf)
/usr/bin/../lib/gcc/arm-none-eabi/5.4.1/../../../../arm-none-eabi/lib/armv7e-m/libg_nano.a(lib_a-nano-svfprintf.o)
                              /usr/bin/../lib/gcc/arm-none-eabi/5.4.1/../../../../arm-none-eabi/lib/armv7e-m/libg_nano.a(lib_a-vsnprintf.o) (_svfprintf_r)
/usr/bin/../lib/gcc/arm-none-eabi/5.4.1/../../../../arm-none-eabi/lib/armv7e-m/libg_nano.a(lib_a-nano-vfprintf_i.o)
                              /usr/bin/../lib/gcc/arm-none-eabi/5.4.1/../../../../arm-none-eabi/lib/armv7e-m/libg_nano.a(lib_a-nano-svfprintf.o) (_printf_i)
/usr/bin/../lib/gcc/arm-none-eabi/5.4.1/../../../../arm-none-eabi/lib/armv7e-m/libg_nano.a(lib_a-memchr.o)
                              /usr/bin/../lib/gcc/arm-none-eabi/5.4.1/../../../../arm-none-eabi/lib/armv7e-m/libg_nano.a(lib_a-nano-svfprintf.o) (memchr)
/usr/bin/../lib/gcc/arm-none-eabi/5.4.1/../../../../arm-none-eabi/lib/armv7e-m/libg_nano.a(lib_a-memcpy-stub.o)
                              /usr/bin/../lib/gcc/arm-none-eabi/5.4.1/../../../../arm-none-eabi/lib/armv7e-m/libg_nano.a(lib_a-nano-svfprintf.o) (memcpy)
/usr/bin/../lib/gcc/arm-none-eabi/5.4.1/../../../../arm-none-eabi/lib/armv7e-m/libg_nano.a(lib_a-memmove.o)
                              /usr/bin/../lib/gcc/arm-none-eabi/5.4.1/../../../../arm-none-eabi/lib/armv7e-m/libg_nano.a(lib_a-nano-svfprintf.o) (memmove)
/usr/bin/../lib/gcc/arm-none-eabi/5.4.1/../../../../arm-none-eabi/lib/armv7e-m/libg_nano.a(lib_a-nano-freer.o)
                              /usr/bin/../lib/gcc/arm-none-eabi/5.4.1/../../../../arm-none-eabi/lib/armv7e-m/libg_nano.a(lib_a-nano-svfprintf.o) (_free_r)
/usr/bin/../lib/gcc/arm-none-eabi/5.4.1/../../../../arm-none-eabi/lib/armv7e-m/libg_nano.a(lib_a-nano-mallocr.o)
                              /usr/bin/../lib/gcc/arm-none-eabi/5.4.1/../../../../arm-none-eabi/lib/armv7e-m/libg_nano.a(lib_a-nano-svfprintf.o) (_malloc_r)
/usr/bin/../lib/gcc/arm-none-eabi/5.4.1/../../../../arm-none-eabi/lib/armv7e-m/libg_nano.a(lib_a-nano-reallocr.o)
                              /usr/bin/../lib/gcc/arm-none-eabi/5.4.1/../../../../arm-none-eabi/lib/armv7e-m/libg_nano.a(lib_a-nano-svfprintf.o) (_realloc_r)
/usr/bin/../lib/gcc/arm-none-eabi/5.4.1/../../../../arm-none-eabi/lib/armv7e-m/libg_nano.a(lib_a-sbrkr.o)
                              /usr/bin/../lib/gcc/arm-none-eabi/5.4.1/../../../../arm-none-eabi/lib/armv7e-m/libg_nano.a(lib_a-nano-mallocr.o) (_sbrk_r)
/usr/bin/../lib/gcc/arm-none-eabi/5.4.1/../../../../arm-none-eabi/lib/armv7e-m/libg_nano.a(lib_a-mlock.o)
                              /usr/bin/../lib/gcc/arm-none-eabi/5.4.1/../../../../arm-none-eabi/lib/armv7e-m/libg_nano.a(lib_a-nano-freer.o) (__malloc_lock)
/usr/bin/../lib/gcc/arm-none-eabi/5.4.1/../../../../arm-none-eabi/lib/armv7e-m/libg_nano.a(lib_a-nano-msizer.o)
                              /usr/bin/../lib/gcc/arm-none-eabi/5.4.1/../../../../arm-none-eabi/lib/armv7e-m/libg_nano.a(lib_a-nano-reallocr.o) (_malloc_usable_size_r)

Allocating common symbols
Common symbol       size              file

errno               0x4               ./system/src/newlib/_syscalls.o
pFlash              0x1c              ./system/src/stm32f7-hal/stm32f7xx_hal_flash.o

Discarded input sections

 .group         0x0000000000000000        0x8 ./system/src/stm32f7-hal/stm32f7xx_hal.o
 .group         0x0000000000000000        0x8 ./system/src/stm32f7-hal/stm32f7xx_hal.o
 .group         0x0000000000000000        0x8 ./system/src/stm32f7-hal/stm32f7xx_hal.o
 .group         0x0000000000000000        0x8 ./system/src/stm32f7-hal/stm32f7xx_hal.o
 .group         0x0000000000000000        0x8 ./system/src/stm32f7-hal/stm32f7xx_hal.o
 .group         0x0000000000000000        0x8 ./system/src/stm32f7-hal/stm32f7xx_hal.o
 .group         0x0000000000000000        0x8 ./system/src/stm32f7-hal/stm32f7xx_hal.o
 .group         0x0000000000000000        0x8 ./system/src/stm32f7-hal/stm32f7xx_hal.o
 .group         0x0000000000000000        0x8 ./system/src/stm32f7-hal/stm32f7xx_hal.o
 .group         0x0000000000000000        0x8 ./system/src/stm32f7-hal/stm32f7xx_hal.o
 .group         0x0000000000000000        0x8 ./system/src/stm32f7-hal/stm32f7xx_hal.o
[...]
Memory Configuration

Name             Origin             Length             Attributes
RAM              0x0000000020000000 0x0000000000050000 xrw
CCMRAM           0x0000000010000000 0x0000000000000000 xrw
FLASH            0x0000000008000000 0x0000000000100000 xr
FLASHB1          0x0000000000000000 0x0000000000000000 xr
EXTMEMB0         0x0000000000000000 0x0000000000000000 xr
EXTMEMB1         0x0000000000000000 0x0000000000000000 xr
EXTMEMB2         0x0000000000000000 0x0000000000000000 xr
EXTMEMB3         0x0000000000000000 0x0000000000000000 xr
*default*        0x0000000000000000 0xffffffffffffffff

Linker script and memory map

LOAD ./system/src/stm32f7-hal/stm32f7xx_hal.o
LOAD ./system/src/stm32f7-hal/stm32f7xx_hal_cortex.o
LOAD ./system/src/stm32f7-hal/stm32f7xx_hal_crc_ex.o
LOAD ./system/src/stm32f7-hal/stm32f7xx_hal_flash.o
LOAD ./system/src/stm32f7-hal/stm32f7xx_hal_gpio.o
LOAD ./system/src/stm32f7-hal/stm32f7xx_hal_iwdg.o
LOAD ./system/src/stm32f7-hal/stm32f7xx_hal_pwr.o
LOAD ./system/src/stm32f7-hal/stm32f7xx_hal_pwr_ex.o
LOAD ./system/src/stm32f7-hal/stm32f7xx_hal_rcc.o
LOAD ./system/src/stm32f7-hal/stm32f7xx_hal_rcc_ex.o
LOAD ./system/src/stm32f7-hal/stm32f7xx_hal_smartcard_ex.o
LOAD ./system/src/newlib/_cxx.o
LOAD ./system/src/newlib/_exit.o
LOAD ./system/src/newlib/_sbrk.o
LOAD ./system/src/newlib/_startup.o
LOAD ./system/src/newlib/_syscalls.o
LOAD ./system/src/newlib/assert.o
LOAD ./system/src/diag/Trace.o
LOAD ./system/src/diag/trace_impl.o
LOAD ./system/src/cortexm/_initialize_hardware.o
LOAD ./system/src/cortexm/_reset_hardware.o
LOAD ./system/src/cortexm/exception_handlers.o
LOAD ./system/src/cmsis/system_stm32f7xx.o
LOAD ./system/src/cmsis/vectors_stm32f745xx.o
LOAD ./src/ext_flash/N25Q032.o
LOAD ./src/ext_flash/ext_flash.o
LOAD ./src/_initialize_hardware.o
LOAD ./src/_write.o
LOAD ./src/main.o
LOAD ./src/stm32f7xx_hal_msp.o
LOAD /usr/bin/../lib/gcc/arm-none-eabi/5.4.1/../../../../arm-none-eabi/lib/armv7e-m/libstdc++_nano.a
LOAD /usr/bin/../lib/gcc/arm-none-eabi/5.4.1/../../../../arm-none-eabi/lib/armv7e-m/libm.a
START GROUP
LOAD /usr/bin/../lib/gcc/arm-none-eabi/5.4.1/armv7e-m/libgcc.a
LOAD /usr/bin/../lib/gcc/arm-none-eabi/5.4.1/../../../../arm-none-eabi/lib/armv7e-m/libg_nano.a
LOAD /usr/bin/../lib/gcc/arm-none-eabi/5.4.1/../../../../arm-none-eabi/lib/armv7e-m/libc_nano.a
END GROUP
START GROUP
LOAD /usr/bin/../lib/gcc/arm-none-eabi/5.4.1/armv7e-m/libgcc.a
LOAD /usr/bin/../lib/gcc/arm-none-eabi/5.4.1/../../../../arm-none-eabi/lib/armv7e-m/libc_nano.a
END GROUP
                0x0000000020050000                __stack = (ORIGIN (RAM) + LENGTH (RAM))
                0x0000000020050000                _estack = __stack
                0x0000000000000400                __Main_Stack_Size = 0x400
                [!provide]                        PROVIDE (_Main_Stack_Size, __Main_Stack_Size)
                0x000000002004fc00                __Main_Stack_Limit = (__stack - __Main_Stack_Size)
                [!provide]                        PROVIDE (_Main_Stack_Limit, __Main_Stack_Limit)
                0x0000000000000100                _Minimum_Stack_Size = 0x100
                0x0000000020000118                PROVIDE (_Heap_Begin, _end_noinit)
                0x000000002004fc00                PROVIDE (_Heap_Limit, (__stack - __Main_Stack_Size))

.isr_vector     0x0000000008000000      0x42c
 FILL mask 0xff
                0x0000000008000000                __vectors_start = ABSOLUTE (.)
                0x0000000008000000                __vectors_start__ = ABSOLUTE (.)
 *(.isr_vector)
 .isr_vector    0x0000000008000000      0x1c8 ./system/src/cmsis/vectors_stm32f745xx.o
                0x0000000008000000                __isr_vectors
 *(.cfmconfig)
 *(.after_vectors .after_vectors.*)
 .after_vectors
                0x00000000080001c8      0x130 ./system/src/newlib/_startup.o
                0x00000000080001c8                _start
 .after_vectors
                0x00000000080002f8      0x130 ./system/src/cortexm/exception_handlers.o
                0x00000000080002f8                Reset_Handler
                0x0000000008000300                NMI_Handler
                0x0000000008000304                HardFault_Handler
                0x0000000008000318                HardFault_Handler_C
                0x0000000008000378                MemManage_Handler
                0x000000000800037c                BusFault_Handler
                0x0000000008000390                BusFault_Handler_C
                0x00000000080003c4                UsageFault_Handler
                0x00000000080003d8                UsageFault_Handler_C
                0x000000000800040c                SVC_Handler
                0x0000000008000410                DebugMon_Handler
                0x0000000008000414                PendSV_Handler
                0x0000000008000418                SysTick_Handler
 .after_vectors
                0x0000000008000428        0x4 ./system/src/cmsis/vectors_stm32f745xx.o
                0x0000000008000428                RTC_Alarm_IRQHandler
                0x0000000008000428                EXTI2_IRQHandler
                0x0000000008000428                TIM8_CC_IRQHandler
                0x0000000008000428                UART8_IRQHandler
                0x0000000008000428                SPI4_IRQHandler
                0x0000000008000428                TIM1_CC_IRQHandler
                0x0000000008000428                DMA2_Stream5_IRQHandler
                0x0000000008000428                DMA1_Stream5_IRQHandler
                0x0000000008000428                PVD_IRQHandler
                0x0000000008000428                TAMP_STAMP_IRQHandler
                0x0000000008000428                CAN2_RX1_IRQHandler
                0x0000000008000428                EXTI3_IRQHandler
                0x0000000008000428                TIM8_TRG_COM_TIM14_IRQHandler
                0x0000000008000428                TIM1_UP_TIM10_IRQHandler
                0x0000000008000428                TIM8_UP_TIM13_IRQHandler
                0x0000000008000428                I2C3_ER_IRQHandler
                0x0000000008000428                EXTI0_IRQHandler
                0x0000000008000428                I2C2_EV_IRQHandler
                0x0000000008000428                DMA1_Stream2_IRQHandler
                0x0000000008000428                CAN1_RX0_IRQHandler
                0x0000000008000428                FPU_IRQHandler
                0x0000000008000428                OTG_HS_WKUP_IRQHandler
                0x0000000008000428                CAN2_SCE_IRQHandler
                0x0000000008000428                DMA2_Stream2_IRQHandler
                0x0000000008000428                SPI1_IRQHandler
                0x0000000008000428                TIM6_DAC_IRQHandler
                0x0000000008000428                TIM1_BRK_TIM9_IRQHandler
                0x0000000008000428                DCMI_IRQHandler
                0x0000000008000428                CAN2_RX0_IRQHandler
                0x0000000008000428                DMA2_Stream3_IRQHandler
                0x0000000008000428                SAI2_IRQHandler
                0x0000000008000428                USART6_IRQHandler
                0x0000000008000428                USART3_IRQHandler
                0x0000000008000428                CAN1_RX1_IRQHandler
                0x0000000008000428                UART5_IRQHandler
                0x0000000008000428                DMA2_Stream0_IRQHandler
                0x0000000008000428                TIM4_IRQHandler
                0x0000000008000428                QUADSPI_IRQHandler
                0x0000000008000428                I2C1_EV_IRQHandler
                0x0000000008000428                DMA1_Stream6_IRQHandler
                0x0000000008000428                DMA1_Stream1_IRQHandler
                0x0000000008000428                UART4_IRQHandler
                0x0000000008000428                TIM3_IRQHandler
                0x0000000008000428                RCC_IRQHandler
                0x0000000008000428                TIM8_BRK_TIM12_IRQHandler
                0x0000000008000428                Default_Handler
                0x0000000008000428                CEC_IRQHandler
                0x0000000008000428                EXTI15_10_IRQHandler
                0x0000000008000428                ADC_IRQHandler
                0x0000000008000428                DMA1_Stream7_IRQHandler
                0x0000000008000428                SPI5_IRQHandler
                0x0000000008000428                TIM7_IRQHandler
                0x0000000008000428                SDMMC1_IRQHandler
                0x0000000008000428                CAN2_TX_IRQHandler
                0x0000000008000428                TIM5_IRQHandler
                0x0000000008000428                DMA2_Stream7_IRQHandler
                0x0000000008000428                I2C3_EV_IRQHandler
                0x0000000008000428                EXTI9_5_IRQHandler
                0x0000000008000428                RTC_WKUP_IRQHandler
                0x0000000008000428                ETH_WKUP_IRQHandler
                0x0000000008000428                SPDIF_RX_IRQHandler
                0x0000000008000428                SPI2_IRQHandler
                0x0000000008000428                OTG_HS_EP1_IN_IRQHandler
                0x0000000008000428                DMA1_Stream0_IRQHandler
                0x0000000008000428                CAN1_TX_IRQHandler
                0x0000000008000428                EXTI4_IRQHandler
                0x0000000008000428                RNG_IRQHandler
                0x0000000008000428                ETH_IRQHandler
                0x0000000008000428                OTG_HS_EP1_OUT_IRQHandler
                0x0000000008000428                WWDG_IRQHandler
                0x0000000008000428                SPI6_IRQHandler
                0x0000000008000428                I2C4_EV_IRQHandler
                0x0000000008000428                TIM2_IRQHandler
                0x0000000008000428                OTG_FS_WKUP_IRQHandler
                0x0000000008000428                TIM1_TRG_COM_TIM11_IRQHandler
                0x0000000008000428                OTG_HS_IRQHandler
                0x0000000008000428                DMA2D_IRQHandler
                0x0000000008000428                EXTI1_IRQHandler
                0x0000000008000428                UART7_IRQHandler
                0x0000000008000428                USART2_IRQHandler
                0x0000000008000428                I2C2_ER_IRQHandler
                0x0000000008000428                DMA2_Stream1_IRQHandler
                0x0000000008000428                CAN1_SCE_IRQHandler
                0x0000000008000428                FLASH_IRQHandler
                0x0000000008000428                DMA2_Stream4_IRQHandler
                0x0000000008000428                USART1_IRQHandler
                0x0000000008000428                OTG_FS_IRQHandler
                0x0000000008000428                SPI3_IRQHandler
                0x0000000008000428                DMA1_Stream4_IRQHandler
                0x0000000008000428                I2C1_ER_IRQHandler
                0x0000000008000428                FMC_IRQHandler
                0x0000000008000428                LPTIM1_IRQHandler
                0x0000000008000428                I2C4_ER_IRQHandler
                0x0000000008000428                DMA2_Stream6_IRQHandler
                0x0000000008000428                SAI1_IRQHandler
                0x0000000008000428                DMA1_Stream3_IRQHandler

.inits          0x000000000800042c       0x28
                0x000000000800042c                __data_regions_array_start = .
                0x000000000800042c        0x4 LONG 0x8002048 LOADADDR (.data)
                0x0000000008000430        0x4 LONG 0x20000000 ADDR (.data)
                0x0000000008000434        0x4 LONG 0x20000078 (ADDR (.data) + SIZEOF (.data))
                0x0000000008000438        0x4 LONG 0x8002048 LOADADDR (.data_CCMRAM)
                0x000000000800043c        0x4 LONG 0x10000000 ADDR (.data_CCMRAM)
                0x0000000008000440        0x4 LONG 0x10000000 (ADDR (.data_CCMRAM) + SIZEOF (.data_CCMRAM))
                0x0000000008000444                __data_regions_array_end = .
                0x0000000008000444                __bss_regions_array_start = .
                0x0000000008000444        0x4 LONG 0x20000078 ADDR (.bss)
                0x0000000008000448        0x4 LONG 0x20000118 (ADDR (.bss) + SIZEOF (.bss))
                0x000000000800044c        0x4 LONG 0x10000000 ADDR (.bss_CCMRAM)
                0x0000000008000450        0x4 LONG 0x10000000 (ADDR (.bss_CCMRAM) + SIZEOF (.bss_CCMRAM))
                0x0000000008000454                __bss_regions_array_end = .
 *(.init)
 *(.fini)
                0x0000000008000454                . = ALIGN (0x4)
                0x0000000008000454                PROVIDE (__preinit_array_start, .)
 *(.preinit_array_sysinit .preinit_array_sysinit.*)
 *(.preinit_array_platform .preinit_array_platform.*)
 *(.preinit_array .preinit_array.*)
                0x0000000008000454                PROVIDE (__preinit_array_end, .)
                0x0000000008000454                . = ALIGN (0x4)
                0x0000000008000454                PROVIDE (__init_array_start, .)
 *(SORT(.init_array.*))
 *(.init_array)
                0x0000000008000454                PROVIDE (__init_array_end, .)
                0x0000000008000454                . = ALIGN (0x4)
                0x0000000008000454                PROVIDE (__fini_array_start, .)
 *(SORT(.fini_array.*))
 *(.fini_array)
                0x0000000008000454                PROVIDE (__fini_array_end, .)

.flashtext
 *(.flashtext .flashtext.*)

.text           0x0000000008000460     0x1be5
 *(.text .text.*)
 .text.HAL_InitTick
                0x0000000008000460       0x28 ./system/src/stm32f7-hal/stm32f7xx_hal.o
                0x0000000008000460                HAL_InitTick
 .text.HAL_Init
                0x0000000008000488       0x24 ./system/src/stm32f7-hal/stm32f7xx_hal.o
                0x0000000008000488                HAL_Init
 .text.HAL_GetTick
                0x00000000080004ac        0xc ./system/src/stm32f7-hal/stm32f7xx_hal.o
                0x00000000080004ac                HAL_GetTick
 .text.HAL_NVIC_SetPriorityGrouping
                0x00000000080004b8       0x3c ./system/src/stm32f7-hal/stm32f7xx_hal_cortex.o
                0x00000000080004b8                HAL_NVIC_SetPriorityGrouping
 .text.HAL_NVIC_SetPriority
                0x00000000080004f4       0x80 ./system/src/stm32f7-hal/stm32f7xx_hal_cortex.o
                0x00000000080004f4                HAL_NVIC_SetPriority
 .text.HAL_SYSTICK_Config
                0x0000000008000574       0x2c ./system/src/stm32f7-hal/stm32f7xx_hal_cortex.o
                0x0000000008000574                HAL_SYSTICK_Config
 .text.HAL_SYSTICK_CLKSourceConfig
                0x00000000080005a0       0x3c ./system/src/stm32f7-hal/stm32f7xx_hal_cortex.o
                0x00000000080005a0                HAL_SYSTICK_CLKSourceConfig
 .text.HAL_PWREx_EnableOverDrive
                0x00000000080005dc       0x84 ./system/src/stm32f7-hal/stm32f7xx_hal_pwr_ex.o
                0x00000000080005dc                HAL_PWREx_EnableOverDrive
 .text.HAL_RCC_OscConfig
                0x0000000008000660      0x580 ./system/src/stm32f7-hal/stm32f7xx_hal_rcc.o
                0x0000000008000660                HAL_RCC_OscConfig
 .text.HAL_RCC_ClockConfig
                0x0000000008000be0      0x340 ./system/src/stm32f7-hal/stm32f7xx_hal_rcc.o
                0x0000000008000be0                HAL_RCC_ClockConfig
 .text.HAL_RCC_GetSysClockFreq
                0x0000000008000f20       0xa0 ./system/src/stm32f7-hal/stm32f7xx_hal_rcc.o
                0x0000000008000f20                HAL_RCC_GetSysClockFreq
 .text.HAL_RCC_GetHCLKFreq
                0x0000000008000fc0       0x34 ./system/src/stm32f7-hal/stm32f7xx_hal_rcc.o
                0x0000000008000fc0                HAL_RCC_GetHCLKFreq
 .text._exit    0x0000000008000ff4        0x4 ./system/src/newlib/_exit.o
                0x0000000008000ff4                _exit
 .text.abort    0x0000000008000ff8       0x14 ./system/src/newlib/_exit.o
                0x0000000008000ff8                abort
 .text._sbrk    0x000000000800100c       0x44 ./system/src/newlib/_sbrk.o
                0x000000000800100c                _sbrk
 .text.__initialize_args
                0x0000000008001050       0x10 ./system/src/newlib/_syscalls.o
                0x0000000008001050                __initialize_args
 .text.assert_failed
                0x0000000008001060       0x14 ./system/src/newlib/assert.o
                0x0000000008001060                assert_failed
 .text.trace_printf
                0x0000000008001074       0x30 ./system/src/diag/Trace.o
                0x0000000008001074                trace_printf
 .text.trace_puts
                0x00000000080010a4       0x20 ./system/src/diag/Trace.o
                0x00000000080010a4                trace_puts
 .text._trace_write_semihosting_debug
                0x00000000080010c4       0x64 ./system/src/diag/trace_impl.o
 .text.trace_write
                0x0000000008001128        0x8 ./system/src/diag/trace_impl.o
                0x0000000008001128                trace_write
 .text.__initialize_hardware_early
                0x0000000008001130       0x18 ./system/src/cortexm/_initialize_hardware.o
                0x0000000008001130                __initialize_hardware_early
 .text.dumpExceptionStack
                0x0000000008001148       0xf0 ./system/src/cortexm/exception_handlers.o
                0x0000000008001148                dumpExceptionStack
 .text.isSemihosting
                0x0000000008001238       0x20 ./system/src/cortexm/exception_handlers.o
                0x0000000008001238                isSemihosting
 .text.SystemInit
                0x0000000008001258       0x40 ./system/src/cmsis/system_stm32f7xx.o
                0x0000000008001258                SystemInit
 .text.SystemCoreClockUpdate
                0x0000000008001298       0xa0 ./system/src/cmsis/system_stm32f7xx.o
                0x0000000008001298                SystemCoreClockUpdate
 .text.SystemClock_Config
                0x0000000008001338       0xa0 ./src/_initialize_hardware.o
                0x0000000008001338                SystemClock_Config
 .text.__initialize_hardware
                0x00000000080013d8       0x84 ./src/_initialize_hardware.o
                0x00000000080013d8                __initialize_hardware
 .text.main     0x000000000800145c        0x4 ./src/main.o
                0x000000000800145c                main
 .text.HAL_MspInit
                0x0000000008001460        0x4 ./src/stm32f7xx_hal_msp.o
                0x0000000008001460                HAL_MspInit
 .text.__errno  0x0000000008001464        0xc /usr/bin/../lib/gcc/arm-none-eabi/5.4.1/../../../../arm-none-eabi/lib/armv7e-m/libg_nano.a(lib_a-errno.o)
                0x0000000008001464                __errno
 .text          0x0000000008001470       0x10 /usr/bin/../lib/gcc/arm-none-eabi/5.4.1/../../../../arm-none-eabi/lib/armv7e-m/libg_nano.a(lib_a-strlen.o)
                0x0000000008001470                strlen
 .text._vsnprintf_r
                0x0000000008001480       0x56 /usr/bin/../lib/gcc/arm-none-eabi/5.4.1/../../../../arm-none-eabi/lib/armv7e-m/libg_nano.a(lib_a-vsnprintf.o)
                0x0000000008001480                _vsnprintf_r
                0x0000000008001480                _vsniprintf_r
 *fill*         0x00000000080014d6        0x2 
 .text.vsnprintf
                0x00000000080014d8       0x1c /usr/bin/../lib/gcc/arm-none-eabi/5.4.1/../../../../arm-none-eabi/lib/armv7e-m/libg_nano.a(lib_a-vsnprintf.o)
                0x00000000080014d8                vsnprintf
                0x00000000080014d8                vsniprintf
 .text.__ssputs_r
                0x00000000080014f4       0xb2 /usr/bin/../lib/gcc/arm-none-eabi/5.4.1/../../../../arm-none-eabi/lib/armv7e-m/libg_nano.a(lib_a-nano-svfprintf.o)
                0x00000000080014f4                __ssputs_r
 *fill*         0x00000000080015a6        0x2 
 .text._svfprintf_r
                0x00000000080015a8      0x1e8 /usr/bin/../lib/gcc/arm-none-eabi/5.4.1/../../../../arm-none-eabi/lib/armv7e-m/libg_nano.a(lib_a-nano-svfprintf.o)
                0x00000000080015a8                _svfprintf_r
                0x00000000080015a8                _svfiprintf_r
 .text._printf_common
                0x0000000008001790       0xec /usr/bin/../lib/gcc/arm-none-eabi/5.4.1/../../../../arm-none-eabi/lib/armv7e-m/libg_nano.a(lib_a-nano-vfprintf_i.o)
                0x0000000008001790                _printf_common
 .text._printf_i
                0x000000000800187c      0x24c /usr/bin/../lib/gcc/arm-none-eabi/5.4.1/../../../../arm-none-eabi/lib/armv7e-m/libg_nano.a(lib_a-nano-vfprintf_i.o)
                0x000000000800187c                _printf_i
 *fill*         0x0000000008001ac8        0x8 
 .text          0x0000000008001ad0       0xa0 /usr/bin/../lib/gcc/arm-none-eabi/5.4.1/../../../../arm-none-eabi/lib/armv7e-m/libg_nano.a(lib_a-memchr.o)
                0x0000000008001ad0                memchr
 .text.memcpy   0x0000000008001b70       0x16 /usr/bin/../lib/gcc/arm-none-eabi/5.4.1/../../../../arm-none-eabi/lib/armv7e-m/libg_nano.a(lib_a-memcpy-stub.o)
                0x0000000008001b70                memcpy
 .text.memmove  0x0000000008001b86       0x36 /usr/bin/../lib/gcc/arm-none-eabi/5.4.1/../../../../arm-none-eabi/lib/armv7e-m/libg_nano.a(lib_a-memmove.o)
                0x0000000008001b86                memmove
 .text._free_r  0x0000000008001bbc       0x9c /usr/bin/../lib/gcc/arm-none-eabi/5.4.1/../../../../arm-none-eabi/lib/armv7e-m/libg_nano.a(lib_a-nano-freer.o)
                0x0000000008001bbc                _free_r
 .text._malloc_r
                0x0000000008001c58       0xbc /usr/bin/../lib/gcc/arm-none-eabi/5.4.1/../../../../arm-none-eabi/lib/armv7e-m/libg_nano.a(lib_a-nano-mallocr.o)
                0x0000000008001c58                _malloc_r
 .text._realloc_r
                0x0000000008001d14       0x4c /usr/bin/../lib/gcc/arm-none-eabi/5.4.1/../../../../arm-none-eabi/lib/armv7e-m/libg_nano.a(lib_a-nano-reallocr.o)
                0x0000000008001d14                _realloc_r
 .text._sbrk_r  0x0000000008001d60       0x20 /usr/bin/../lib/gcc/arm-none-eabi/5.4.1/../../../../arm-none-eabi/lib/armv7e-m/libg_nano.a(lib_a-sbrkr.o)
                0x0000000008001d60                _sbrk_r
 .text.__malloc_lock
                0x0000000008001d80        0x2 /usr/bin/../lib/gcc/arm-none-eabi/5.4.1/../../../../arm-none-eabi/lib/armv7e-m/libg_nano.a(lib_a-mlock.o)
                0x0000000008001d80                __malloc_lock
 .text.__malloc_unlock
                0x0000000008001d82        0x2 /usr/bin/../lib/gcc/arm-none-eabi/5.4.1/../../../../arm-none-eabi/lib/armv7e-m/libg_nano.a(lib_a-mlock.o)
                0x0000000008001d82                __malloc_unlock
 .text._malloc_usable_size_r
                0x0000000008001d84       0x14 /usr/bin/../lib/gcc/arm-none-eabi/5.4.1/../../../../arm-none-eabi/lib/armv7e-m/libg_nano.a(lib_a-nano-msizer.o)
                0x0000000008001d84                _malloc_usable_size_r
 *(.rodata .rodata.* .constdata .constdata.*)
 .rodata.str1.4
                0x0000000008001d98       0x31 ./system/src/stm32f7-hal/stm32f7xx_hal_cortex.o
 *fill*         0x0000000008001dc9        0x3 
 .rodata.APBAHBPrescTable
                0x0000000008001dcc       0x10 ./system/src/stm32f7-hal/stm32f7xx_hal_rcc.o
                0x0000000008001dcc                APBAHBPrescTable
 .rodata.str1.4
                0x0000000008001ddc       0x2e ./system/src/stm32f7-hal/stm32f7xx_hal_rcc.o
 *fill*         0x0000000008001e0a        0x2 
 .rodata.str1.4
                0x0000000008001e0c       0x14 ./system/src/newlib/_exit.o
 .rodata.str1.4
                0x0000000008001e20       0x6b ./system/src/newlib/assert.o
                                         0x6f (size before relaxing)
 *fill*         0x0000000008001e8b        0x1 
 .rodata.str1.4
                0x0000000008001e8c       0x29 ./system/src/diag/Trace.o
                                         0x2d (size before relaxing)
 *fill*         0x0000000008001eb5        0x3 
 .rodata.str1.4
                0x0000000008001eb8      0x148 ./system/src/cortexm/exception_handlers.o
                                        0x146 (size before relaxing)
 .rodata.AHBPrescTable
                0x0000000008002000       0x10 ./system/src/cmsis/system_stm32f7xx.o
                0x0000000008002000                AHBPrescTable
 .rodata.str1.1
                0x0000000008002010        0x2 /usr/bin/../lib/gcc/arm-none-eabi/5.4.1/../../../../arm-none-eabi/lib/armv7e-m/libg_nano.a(lib_a-impure.o)
 .rodata.str1.1
                0x0000000008002012       0x11 /usr/bin/../lib/gcc/arm-none-eabi/5.4.1/../../../../arm-none-eabi/lib/armv7e-m/libg_nano.a(lib_a-nano-svfprintf.o)
 .rodata.str1.1
                0x0000000008002023       0x22 /usr/bin/../lib/gcc/arm-none-eabi/5.4.1/../../../../arm-none-eabi/lib/armv7e-m/libg_nano.a(lib_a-nano-vfprintf_i.o)
 *(vtable)
 *(.eh_frame*)
 *(.glue_7)
 .glue_7        0x0000000008002045        0x0 linker stubs
 *(.glue_7t)
 .glue_7t       0x0000000008002045        0x0 linker stubs

.vfp11_veneer   0x0000000008002048        0x0
 .vfp11_veneer  0x0000000008002048        0x0 linker stubs

.v4_bx          0x0000000008002048        0x0
 .v4_bx         0x0000000008002048        0x0 linker stubs

.iplt           0x0000000008002048        0x0
 .iplt          0x0000000008002048        0x0 ./system/src/stm32f7-hal/stm32f7xx_hal.o

.rel.dyn        0x0000000008002048        0x0
 .rel.iplt      0x0000000008002048        0x0 ./system/src/stm32f7-hal/stm32f7xx_hal.o

.ARM.extab
 *(.ARM.extab* .gnu.linkonce.armextab.*)
                0x0000000008002048                . = ALIGN (0x4)
                0x0000000008002048                __exidx_start = .

.ARM.exidx
 *(.ARM.exidx* .gnu.linkonce.armexidx.*)
                0x0000000008002048                __exidx_end = .
                0x0000000008002048                . = ALIGN (0x4)
                0x0000000008002048                _etext = .
                0x0000000008002048                __etext = .

.data_CCMRAM    0x0000000010000000        0x0 load address 0x0000000008002048
 FILL mask 0xff
 *(.data.CCMRAM .data.CCMRAM.*)
                0x0000000010000000                . = ALIGN (0x4)
                0x0000000008002048                _sidata = LOADADDR (.data)

.data           0x0000000020000000       0x78 load address 0x0000000008002048
 FILL mask 0xff
                0x0000000020000000                _sdata = .
                0x0000000020000000                __data_start__ = .
 *(.data_begin .data_begin.*)
 .data_begin    0x0000000020000000        0x4 ./system/src/newlib/_startup.o
 *(.data .data.*)
 .data.argv.4282
                0x0000000020000004        0x8 ./system/src/newlib/_syscalls.o
 .data.SystemCoreClock
                0x000000002000000c        0x4 ./system/src/cmsis/system_stm32f7xx.o
                0x000000002000000c                SystemCoreClock
 .data.impure_data
                0x0000000020000010       0x60 /usr/bin/../lib/gcc/arm-none-eabi/5.4.1/../../../../arm-none-eabi/lib/armv7e-m/libg_nano.a(lib_a-impure.o)
 .data._impure_ptr
                0x0000000020000070        0x4 /usr/bin/../lib/gcc/arm-none-eabi/5.4.1/../../../../arm-none-eabi/lib/armv7e-m/libg_nano.a(lib_a-impure.o)
                0x0000000020000070                _impure_ptr
 *(.data_end .data_end.*)
 .data_end      0x0000000020000074        0x4 ./system/src/newlib/_startup.o
                0x0000000020000078                . = ALIGN (0x4)
                0x0000000020000078                _edata = .
                0x0000000020000078                __data_end__ = .

.igot.plt       0x0000000020000078        0x0 load address 0x00000000080020c0
 .igot.plt      0x0000000020000078        0x0 ./system/src/stm32f7-hal/stm32f7xx_hal.o

.bss_CCMRAM     0x0000000010000000        0x0
 *(.bss.CCMRAM .bss.CCMRAM.*)

.bss            0x0000000020000078       0xa0
                0x0000000020000078                __bss_start__ = .
                0x0000000020000078                _sbss = .
 *(.bss_begin .bss_begin.*)
 .bss_begin     0x0000000020000078        0x4 ./system/src/newlib/_startup.o
 *(.bss .bss.*)
 .bss.uwTick    0x000000002000007c        0x4 ./system/src/stm32f7-hal/stm32f7xx_hal.o
 .bss.current_heap_end.3973
                0x0000000020000080        0x4 ./system/src/newlib/_sbrk.o
 .bss.name.4281
                0x0000000020000084        0x1 ./system/src/newlib/_syscalls.o
 *fill*         0x0000000020000085        0x3 
 .bss.buf.5165  0x0000000020000088       0x80 ./system/src/diag/Trace.o
 .bss.__malloc_sbrk_start
                0x0000000020000108        0x4 /usr/bin/../lib/gcc/arm-none-eabi/5.4.1/../../../../arm-none-eabi/lib/armv7e-m/libg_nano.a(lib_a-nano-mallocr.o)
                0x0000000020000108                __malloc_sbrk_start
 .bss.__malloc_free_list
                0x000000002000010c        0x4 /usr/bin/../lib/gcc/arm-none-eabi/5.4.1/../../../../arm-none-eabi/lib/armv7e-m/libg_nano.a(lib_a-nano-mallocr.o)
                0x000000002000010c                __malloc_free_list
 *(COMMON)
 COMMON         0x0000000020000110        0x4 ./system/src/newlib/_syscalls.o
                0x0000000020000110                errno
 *(.bss_end .bss_end.*)
 .bss_end       0x0000000020000114        0x4 ./system/src/newlib/_startup.o
                0x0000000020000118                . = ALIGN (0x4)
                0x0000000020000118                __bss_end__ = .
                0x0000000020000118                _ebss = .

.noinit_CCMRAM
 *(.noinit.CCMRAM .noinit.CCMRAM.*)

.noinit         0x0000000020000118        0x0
                0x0000000020000118                _noinit = .
 *(.noinit .noinit.*)
                0x0000000020000118                . = ALIGN (0x4)
                0x0000000020000118                _end_noinit = .
                [!provide]                        PROVIDE (end, _end_noinit)
                [!provide]                        PROVIDE (_end, _end_noinit)
                [!provide]                        PROVIDE (__end, _end_noinit)
                [!provide]                        PROVIDE (__end__, _end_noinit)

._check_stack   0x0000000020000118      0x100
                0x0000000020000218                . = (. + _Minimum_Stack_Size)
 *fill*         0x0000000020000118      0x100 

.b1text
 *(.b1text)
 *(.b1rodata)
 *(.b1rodata.*)

.eb0text
 *(.eb0text)
 *(.eb0rodata)
 *(.eb0rodata.*)

.eb1text
 *(.eb1text)
 *(.eb1rodata)
 *(.eb1rodata.*)

.eb2text
 *(.eb2text)
 *(.eb2rodata)
 *(.eb2rodata.*)

.eb3text
 *(.eb3text)
 *(.eb3rodata)
 *(.eb3rodata.*)

.stab
 *(.stab)

.stabstr
 *(.stabstr)

.stab.excl
 *(.stab.excl)

.stab.exclstr
 *(.stab.exclstr)

.stab.index
 *(.stab.index)

.stab.indexstr
 *(.stab.indexstr)

.comment        0x0000000000000000       0x6e
 *(.comment)
 .comment       0x0000000000000000       0x6e ./system/src/stm32f7-hal/stm32f7xx_hal.o
                                         0x6f (size before relaxing)
 .comment       0x000000000000006e       0x6f ./system/src/stm32f7-hal/stm32f7xx_hal_cortex.o
 .comment       0x000000000000006e       0x6f ./system/src/stm32f7-hal/stm32f7xx_hal_pwr_ex.o
 .comment       0x000000000000006e       0x6f ./system/src/stm32f7-hal/stm32f7xx_hal_rcc.o
 .comment       0x000000000000006e       0x6f ./system/src/newlib/_exit.o
 .comment       0x000000000000006e       0x6f ./system/src/newlib/_sbrk.o
 .comment       0x000000000000006e       0x6f ./system/src/newlib/_startup.o
 .comment       0x000000000000006e       0x6f ./system/src/newlib/_syscalls.o
 .comment       0x000000000000006e       0x6f ./system/src/newlib/assert.o
 .comment       0x000000000000006e       0x6f ./system/src/diag/Trace.o
 .comment       0x000000000000006e       0x6f ./system/src/diag/trace_impl.o
 .comment       0x000000000000006e       0x6f ./system/src/cortexm/_initialize_hardware.o
 .comment       0x000000000000006e       0x6f ./system/src/cortexm/exception_handlers.o
 .comment       0x000000000000006e       0x6f ./system/src/cmsis/system_stm32f7xx.o
 .comment       0x000000000000006e       0x6f ./system/src/cmsis/vectors_stm32f745xx.o
 .comment       0x000000000000006e       0x6f ./src/_initialize_hardware.o
 .comment       0x000000000000006e       0x6f ./src/main.o
 .comment       0x000000000000006e       0x6f ./src/stm32f7xx_hal_msp.o

.ARM.attributes
                0x0000000000000000       0x31
 .ARM.attributes
                0x0000000000000000       0x33 ./system/src/stm32f7-hal/stm32f7xx_hal.o
 .ARM.attributes
                0x0000000000000033       0x33 ./system/src/stm32f7-hal/stm32f7xx_hal_cortex.o
 .ARM.attributes
                0x0000000000000066       0x33 ./system/src/stm32f7-hal/stm32f7xx_hal_pwr_ex.o
 .ARM.attributes
                0x0000000000000099       0x33 ./system/src/stm32f7-hal/stm32f7xx_hal_rcc.o
 .ARM.attributes
                0x00000000000000cc       0x33 ./system/src/newlib/_exit.o
 .ARM.attributes
                0x00000000000000ff       0x33 ./system/src/newlib/_sbrk.o
 .ARM.attributes
                0x0000000000000132       0x33 ./system/src/newlib/_startup.o
 .ARM.attributes
                0x0000000000000165       0x33 ./system/src/newlib/_syscalls.o
 .ARM.attributes
                0x0000000000000198       0x33 ./system/src/newlib/assert.o
 .ARM.attributes
                0x00000000000001cb       0x33 ./system/src/diag/Trace.o
 .ARM.attributes
                0x00000000000001fe       0x33 ./system/src/diag/trace_impl.o
 .ARM.attributes
                0x0000000000000231       0x33 ./system/src/cortexm/_initialize_hardware.o
 .ARM.attributes
                0x0000000000000264       0x33 ./system/src/cortexm/exception_handlers.o
 .ARM.attributes
                0x0000000000000297       0x33 ./system/src/cmsis/system_stm32f7xx.o
 .ARM.attributes
                0x00000000000002ca       0x33 ./system/src/cmsis/vectors_stm32f745xx.o
 .ARM.attributes
                0x00000000000002fd       0x33 ./src/_initialize_hardware.o
 .ARM.attributes
                0x0000000000000330       0x33 ./src/main.o
 .ARM.attributes
                0x0000000000000363       0x33 ./src/stm32f7xx_hal_msp.o
 .ARM.attributes
                0x0000000000000396       0x2e /usr/bin/../lib/gcc/arm-none-eabi/5.4.1/../../../../arm-none-eabi/lib/armv7e-m/libg_nano.a(lib_a-errno.o)
 .ARM.attributes
                0x00000000000003c4       0x2e /usr/bin/../lib/gcc/arm-none-eabi/5.4.1/../../../../arm-none-eabi/lib/armv7e-m/libg_nano.a(lib_a-impure.o)
 .ARM.attributes
                0x00000000000003f2       0x17 /usr/bin/../lib/gcc/arm-none-eabi/5.4.1/../../../../arm-none-eabi/lib/armv7e-m/libg_nano.a(lib_a-strlen.o)
 .ARM.attributes
                0x0000000000000409       0x2e /usr/bin/../lib/gcc/arm-none-eabi/5.4.1/../../../../arm-none-eabi/lib/armv7e-m/libg_nano.a(lib_a-vsnprintf.o)
 .ARM.attributes
                0x0000000000000437       0x2e /usr/bin/../lib/gcc/arm-none-eabi/5.4.1/../../../../arm-none-eabi/lib/armv7e-m/libg_nano.a(lib_a-nano-svfprintf.o)
 .ARM.attributes
                0x0000000000000465       0x2e /usr/bin/../lib/gcc/arm-none-eabi/5.4.1/../../../../arm-none-eabi/lib/armv7e-m/libg_nano.a(lib_a-nano-vfprintf_i.o)
 .ARM.attributes
                0x0000000000000493       0x1c /usr/bin/../lib/gcc/arm-none-eabi/5.4.1/../../../../arm-none-eabi/lib/armv7e-m/libg_nano.a(lib_a-memchr.o)
 .ARM.attributes
                0x00000000000004af       0x2e /usr/bin/../lib/gcc/arm-none-eabi/5.4.1/../../../../arm-none-eabi/lib/armv7e-m/libg_nano.a(lib_a-memcpy-stub.o)
 .ARM.attributes
                0x00000000000004dd       0x2e /usr/bin/../lib/gcc/arm-none-eabi/5.4.1/../../../../arm-none-eabi/lib/armv7e-m/libg_nano.a(lib_a-memmove.o)
 .ARM.attributes
                0x000000000000050b       0x2e /usr/bin/../lib/gcc/arm-none-eabi/5.4.1/../../../../arm-none-eabi/lib/armv7e-m/libg_nano.a(lib_a-nano-freer.o)
 .ARM.attributes
                0x0000000000000539       0x2e /usr/bin/../lib/gcc/arm-none-eabi/5.4.1/../../../../arm-none-eabi/lib/armv7e-m/libg_nano.a(lib_a-nano-mallocr.o)
 .ARM.attributes
                0x0000000000000567       0x2e /usr/bin/../lib/gcc/arm-none-eabi/5.4.1/../../../../arm-none-eabi/lib/armv7e-m/libg_nano.a(lib_a-nano-reallocr.o)
 .ARM.attributes
                0x0000000000000595       0x2e /usr/bin/../lib/gcc/arm-none-eabi/5.4.1/../../../../arm-none-eabi/lib/armv7e-m/libg_nano.a(lib_a-sbrkr.o)
 .ARM.attributes
                0x00000000000005c3       0x2e /usr/bin/../lib/gcc/arm-none-eabi/5.4.1/../../../../arm-none-eabi/lib/armv7e-m/libg_nano.a(lib_a-mlock.o)
 .ARM.attributes
                0x00000000000005f1       0x2e /usr/bin/../lib/gcc/arm-none-eabi/5.4.1/../../../../arm-none-eabi/lib/armv7e-m/libg_nano.a(lib_a-nano-msizer.o)

.debug
 *(.debug)

.line
 *(.line)

.debug_srcinfo
 *(.debug_srcinfo)

.debug_sfnames
 *(.debug_sfnames)

.debug_aranges  0x0000000000000000      0x538
 *(.debug_aranges)
 .debug_aranges
                0x0000000000000000       0xd0 ./system/src/stm32f7-hal/stm32f7xx_hal.o
 .debug_aranges
                0x00000000000000d0       0x98 ./system/src/stm32f7-hal/stm32f7xx_hal_cortex.o
 .debug_aranges
                0x0000000000000168       0x80 ./system/src/stm32f7-hal/stm32f7xx_hal_pwr_ex.o
 .debug_aranges
                0x00000000000001e8       0x88 ./system/src/stm32f7-hal/stm32f7xx_hal_rcc.o
 .debug_aranges
                0x0000000000000270       0x28 ./system/src/newlib/_exit.o
 .debug_aranges
                0x0000000000000298       0x20 ./system/src/newlib/_sbrk.o
 .debug_aranges
                0x00000000000002b8       0x40 ./system/src/newlib/_startup.o
 .debug_aranges
                0x00000000000002f8       0x30 ./system/src/newlib/_syscalls.o
 .debug_aranges
                0x0000000000000328       0x28 ./system/src/newlib/assert.o
 .debug_aranges
                0x0000000000000350       0x38 ./system/src/diag/Trace.o
 .debug_aranges
                0x0000000000000388       0x30 ./system/src/diag/trace_impl.o
 .debug_aranges
                0x00000000000003b8       0x28 ./system/src/cortexm/_initialize_hardware.o
 .debug_aranges
                0x00000000000003e0       0x90 ./system/src/cortexm/exception_handlers.o
 .debug_aranges
                0x0000000000000470       0x28 ./system/src/cmsis/system_stm32f7xx.o
 .debug_aranges
                0x0000000000000498       0x20 ./system/src/cmsis/vectors_stm32f745xx.o
 .debug_aranges
                0x00000000000004b8       0x28 ./src/_initialize_hardware.o
 .debug_aranges
                0x00000000000004e0       0x20 ./src/main.o
 .debug_aranges
                0x0000000000000500       0x38 ./src/stm32f7xx_hal_msp.o

.debug_pubnames
 *(.debug_pubnames)

.debug_info     0x0000000000000000     0x6920
 *(.debug_info .gnu.linkonce.wi.*)
 .debug_info    0x0000000000000000      0x973 ./system/src/stm32f7-hal/stm32f7xx_hal.o
 .debug_info    0x0000000000000973     0x131e ./system/src/stm32f7-hal/stm32f7xx_hal_cortex.o
 .debug_info    0x0000000000001c91      0xa29 ./system/src/stm32f7-hal/stm32f7xx_hal_pwr_ex.o
 .debug_info    0x00000000000026ba      0xffc ./system/src/stm32f7-hal/stm32f7xx_hal_rcc.o
 .debug_info    0x00000000000036b6       0xef ./system/src/newlib/_exit.o
 .debug_info    0x00000000000037a5      0x11f ./system/src/newlib/_sbrk.o
 .debug_info    0x00000000000038c4      0x4ef ./system/src/newlib/_startup.o
 .debug_info    0x0000000000003db3      0x1c7 ./system/src/newlib/_syscalls.o
 .debug_info    0x0000000000003f7a      0x1a3 ./system/src/newlib/assert.o
 .debug_info    0x000000000000411d      0x2e6 ./system/src/diag/Trace.o
 .debug_info    0x0000000000004403      0x30a ./system/src/diag/trace_impl.o
 .debug_info    0x000000000000470d      0x481 ./system/src/cortexm/_initialize_hardware.o
 .debug_info    0x0000000000004b8e      0xab6 ./system/src/cortexm/exception_handlers.o
 .debug_info    0x0000000000005644      0x6a2 ./system/src/cmsis/system_stm32f7xx.o
 .debug_info    0x0000000000005ce6       0xd1 ./system/src/cmsis/vectors_stm32f745xx.o
 .debug_info    0x0000000000005db7      0x9bf ./src/_initialize_hardware.o
 .debug_info    0x0000000000006776       0xc5 ./src/main.o
 .debug_info    0x000000000000683b       0xe5 ./src/stm32f7xx_hal_msp.o

.debug_abbrev   0x0000000000000000     0x18f1
 *(.debug_abbrev)
 .debug_abbrev  0x0000000000000000      0x1c2 ./system/src/stm32f7-hal/stm32f7xx_hal.o
 .debug_abbrev  0x00000000000001c2      0x31b ./system/src/stm32f7-hal/stm32f7xx_hal_cortex.o
 .debug_abbrev  0x00000000000004dd      0x1f5 ./system/src/stm32f7-hal/stm32f7xx_hal_pwr_ex.o
 .debug_abbrev  0x00000000000006d2      0x2b8 ./system/src/stm32f7-hal/stm32f7xx_hal_rcc.o
 .debug_abbrev  0x000000000000098a       0x8e ./system/src/newlib/_exit.o
 .debug_abbrev  0x0000000000000a18       0xb9 ./system/src/newlib/_sbrk.o
 .debug_abbrev  0x0000000000000ad1      0x1d4 ./system/src/newlib/_startup.o
 .debug_abbrev  0x0000000000000ca5       0xec ./system/src/newlib/_syscalls.o
 .debug_abbrev  0x0000000000000d91       0xab ./system/src/newlib/assert.o
 .debug_abbrev  0x0000000000000e3c      0x145 ./system/src/diag/Trace.o
 .debug_abbrev  0x0000000000000f81      0x1c8 ./system/src/diag/trace_impl.o
 .debug_abbrev  0x0000000000001149       0xf9 ./system/src/cortexm/_initialize_hardware.o
 .debug_abbrev  0x0000000000001242      0x256 ./system/src/cortexm/exception_handlers.o
 .debug_abbrev  0x0000000000001498      0x120 ./system/src/cmsis/system_stm32f7xx.o
 .debug_abbrev  0x00000000000015b8       0x9d ./system/src/cmsis/vectors_stm32f745xx.o
 .debug_abbrev  0x0000000000001655      0x1ce ./src/_initialize_hardware.o
 .debug_abbrev  0x0000000000001823       0x64 ./src/main.o
 .debug_abbrev  0x0000000000001887       0x6a ./src/stm32f7xx_hal_msp.o

.debug_line     0x0000000000000000     0x7de1
 *(.debug_line)
 .debug_line    0x0000000000000000      0xb02 ./system/src/stm32f7-hal/stm32f7xx_hal.o
 .debug_line    0x0000000000000b02      0xbcb ./system/src/stm32f7-hal/stm32f7xx_hal_cortex.o
 .debug_line    0x00000000000016cd      0xadb ./system/src/stm32f7-hal/stm32f7xx_hal_pwr_ex.o
 .debug_line    0x00000000000021a8      0xdf2 ./system/src/stm32f7-hal/stm32f7xx_hal_rcc.o
 .debug_line    0x0000000000002f9a      0x26c ./system/src/newlib/_exit.o
 .debug_line    0x0000000000003206      0x21e ./system/src/newlib/_sbrk.o
 .debug_line    0x0000000000003424      0x2e6 ./system/src/newlib/_startup.o
 .debug_line    0x000000000000370a      0x2f8 ./system/src/newlib/_syscalls.o
 .debug_line    0x0000000000003a02      0x2a7 ./system/src/newlib/assert.o
 .debug_line    0x0000000000003ca9      0x2cb ./system/src/diag/Trace.o
 .debug_line    0x0000000000003f74      0xa18 ./system/src/diag/trace_impl.o
 .debug_line    0x000000000000498c      0x981 ./system/src/cortexm/_initialize_hardware.o
 .debug_line    0x000000000000530d      0xaaa ./system/src/cortexm/exception_handlers.o
 .debug_line    0x0000000000005db7      0x981 ./system/src/cmsis/system_stm32f7xx.o
 .debug_line    0x0000000000006738       0xd1 ./system/src/cmsis/vectors_stm32f745xx.o
 .debug_line    0x0000000000006809      0x9dd ./src/_initialize_hardware.o
 .debug_line    0x00000000000071e6      0x26d ./src/main.o
 .debug_line    0x0000000000007453      0x98e ./src/stm32f7xx_hal_msp.o

.debug_frame    0x0000000000000000      0xd94
 *(.debug_frame)
 .debug_frame   0x0000000000000000      0x1b8 ./system/src/stm32f7-hal/stm32f7xx_hal.o
 .debug_frame   0x00000000000001b8      0x184 ./system/src/stm32f7-hal/stm32f7xx_hal_cortex.o
 .debug_frame   0x000000000000033c      0x134 ./system/src/stm32f7-hal/stm32f7xx_hal_pwr_ex.o
 .debug_frame   0x0000000000000470      0x160 ./system/src/stm32f7-hal/stm32f7xx_hal_rcc.o
 .debug_frame   0x00000000000005d0       0x38 ./system/src/newlib/_exit.o
 .debug_frame   0x0000000000000608       0x28 ./system/src/newlib/_sbrk.o
 .debug_frame   0x0000000000000630       0x7c ./system/src/newlib/_startup.o
 .debug_frame   0x00000000000006ac       0x50 ./system/src/newlib/_syscalls.o
 .debug_frame   0x00000000000006fc       0x40 ./system/src/newlib/assert.o
 .debug_frame   0x000000000000073c       0x94 ./system/src/diag/Trace.o
 .debug_frame   0x00000000000007d0       0x60 ./system/src/diag/trace_impl.o
 .debug_frame   0x0000000000000830       0x40 ./system/src/cortexm/_initialize_hardware.o
 .debug_frame   0x0000000000000870      0x158 ./system/src/cortexm/exception_handlers.o
 .debug_frame   0x00000000000009c8       0x30 ./system/src/cmsis/system_stm32f7xx.o
 .debug_frame   0x00000000000009f8       0x20 ./system/src/cmsis/vectors_stm32f745xx.o
 .debug_frame   0x0000000000000a18       0x48 ./src/_initialize_hardware.o
 .debug_frame   0x0000000000000a60       0x20 ./src/main.o
 .debug_frame   0x0000000000000a80       0x50 ./src/stm32f7xx_hal_msp.o
 .debug_frame   0x0000000000000ad0       0x20 /usr/bin/../lib/gcc/arm-none-eabi/5.4.1/../../../../arm-none-eabi/lib/armv7e-m/libg_nano.a(lib_a-errno.o)
 .debug_frame   0x0000000000000af0       0x48 /usr/bin/../lib/gcc/arm-none-eabi/5.4.1/../../../../arm-none-eabi/lib/armv7e-m/libg_nano.a(lib_a-vsnprintf.o)
 .debug_frame   0x0000000000000b38       0x90 /usr/bin/../lib/gcc/arm-none-eabi/5.4.1/../../../../arm-none-eabi/lib/armv7e-m/libg_nano.a(lib_a-nano-svfprintf.o)
 .debug_frame   0x0000000000000bc8       0x60 /usr/bin/../lib/gcc/arm-none-eabi/5.4.1/../../../../arm-none-eabi/lib/armv7e-m/libg_nano.a(lib_a-nano-vfprintf_i.o)
 .debug_frame   0x0000000000000c28       0x28 /usr/bin/../lib/gcc/arm-none-eabi/5.4.1/../../../../arm-none-eabi/lib/armv7e-m/libg_nano.a(lib_a-memcpy-stub.o)
 .debug_frame   0x0000000000000c50       0x28 /usr/bin/../lib/gcc/arm-none-eabi/5.4.1/../../../../arm-none-eabi/lib/armv7e-m/libg_nano.a(lib_a-memmove.o)
 .debug_frame   0x0000000000000c78       0x38 /usr/bin/../lib/gcc/arm-none-eabi/5.4.1/../../../../arm-none-eabi/lib/armv7e-m/libg_nano.a(lib_a-nano-freer.o)
 .debug_frame   0x0000000000000cb0       0x2c /usr/bin/../lib/gcc/arm-none-eabi/5.4.1/../../../../arm-none-eabi/lib/armv7e-m/libg_nano.a(lib_a-nano-mallocr.o)
 .debug_frame   0x0000000000000cdc       0x3c /usr/bin/../lib/gcc/arm-none-eabi/5.4.1/../../../../arm-none-eabi/lib/armv7e-m/libg_nano.a(lib_a-nano-reallocr.o)
 .debug_frame   0x0000000000000d18       0x2c /usr/bin/../lib/gcc/arm-none-eabi/5.4.1/../../../../arm-none-eabi/lib/armv7e-m/libg_nano.a(lib_a-sbrkr.o)
 .debug_frame   0x0000000000000d44       0x30 /usr/bin/../lib/gcc/arm-none-eabi/5.4.1/../../../../arm-none-eabi/lib/armv7e-m/libg_nano.a(lib_a-mlock.o)
 .debug_frame   0x0000000000000d74       0x20 /usr/bin/../lib/gcc/arm-none-eabi/5.4.1/../../../../arm-none-eabi/lib/armv7e-m/libg_nano.a(lib_a-nano-msizer.o)

.debug_str      0x0000000000000000    0xca512
 *(.debug_str)
 .debug_str     0x0000000000000000    0xc6b7a ./system/src/stm32f7-hal/stm32f7xx_hal.o
                                      0xc6f90 (size before relaxing)
 .debug_str     0x00000000000c6b7a      0x461 ./system/src/stm32f7-hal/stm32f7xx_hal_cortex.o
                                      0xc6ffc (size before relaxing)
 .debug_str     0x00000000000c6fdb      0x1e9 ./system/src/stm32f7-hal/stm32f7xx_hal_pwr_ex.o
                                      0xc6983 (size before relaxing)
 .debug_str     0x00000000000c71c4      0x3cc ./system/src/stm32f7-hal/stm32f7xx_hal_rcc.o
                                      0xc6a25 (size before relaxing)
 .debug_str     0x00000000000c7590     0x10b6 ./system/src/newlib/_exit.o
                                       0x6f02 (size before relaxing)
 .debug_str     0x00000000000c8646      0x4de ./system/src/newlib/_sbrk.o
                                       0x62ed (size before relaxing)
 .debug_str     0x00000000000c8b24      0x2cc ./system/src/newlib/_startup.o
                                       0x5eec (size before relaxing)
 .debug_str     0x00000000000c8df0      0xe08 ./system/src/newlib/_syscalls.o
                                       0x713d (size before relaxing)
 .debug_str     0x00000000000c9bf8       0xd5 ./system/src/newlib/assert.o
                                       0x7a07 (size before relaxing)
 .debug_str     0x00000000000c9ccd      0x17b ./system/src/diag/Trace.o
                                       0x76e2 (size before relaxing)
 .debug_str     0x00000000000c9e48      0x37b ./system/src/diag/trace_impl.o
                                      0xc66f9 (size before relaxing)
 .debug_str     0x00000000000ca1c3       0x5e ./system/src/cortexm/_initialize_hardware.o
                                      0xc55cb (size before relaxing)
 .debug_str     0x00000000000ca221      0x19d ./system/src/cortexm/exception_handlers.o
                                      0xc6964 (size before relaxing)
 .debug_str     0x00000000000ca3be       0x46 ./system/src/cmsis/system_stm32f7xx.o
                                      0xc569f (size before relaxing)
 .debug_str     0x00000000000ca404       0x59 ./system/src/cmsis/vectors_stm32f745xx.o
                                       0x30a3 (size before relaxing)
 .debug_str     0x00000000000ca45d       0x6a ./src/_initialize_hardware.o
                                      0xc68d0 (size before relaxing)
 .debug_str     0x00000000000ca4c7        0xe ./src/main.o
                                       0x75ee (size before relaxing)
 .debug_str     0x00000000000ca4d5       0x3d ./src/stm32f7xx_hal_msp.o
                                      0xc648d (size before relaxing)

.debug_loc      0x0000000000000000     0x1abc
 *(.debug_loc)
 .debug_loc     0x0000000000000000       0x6a ./system/src/stm32f7-hal/stm32f7xx_hal.o
 .debug_loc     0x000000000000006a      0x580 ./system/src/stm32f7-hal/stm32f7xx_hal_cortex.o
 .debug_loc     0x00000000000005ea      0x257 ./system/src/stm32f7-hal/stm32f7xx_hal_pwr_ex.o
 .debug_loc     0x0000000000000841      0x61e ./system/src/stm32f7-hal/stm32f7xx_hal_rcc.o
 .debug_loc     0x0000000000000e5f       0x82 ./system/src/newlib/_sbrk.o
 .debug_loc     0x0000000000000ee1      0x36e ./system/src/newlib/_startup.o
 .debug_loc     0x000000000000124f       0x63 ./system/src/newlib/_syscalls.o
 .debug_loc     0x00000000000012b2      0x110 ./system/src/newlib/assert.o
 .debug_loc     0x00000000000013c2      0x102 ./system/src/diag/Trace.o
 .debug_loc     0x00000000000014c4      0x17c ./system/src/diag/trace_impl.o
 .debug_loc     0x0000000000001640      0x2a8 ./system/src/cortexm/exception_handlers.o
 .debug_loc     0x00000000000018e8      0x132 ./system/src/cmsis/system_stm32f7xx.o
 .debug_loc     0x0000000000001a1a       0xa2 ./src/_initialize_hardware.o

.debug_macinfo
 *(.debug_macinfo)

.debug_weaknames
 *(.debug_weaknames)

.debug_funcnames
 *(.debug_funcnames)

.debug_typenames
 *(.debug_typenames)

.debug_varnames
 *(.debug_varnames)
OUTPUT(micron_flash_32Mb.elf elf32-littlearm)

.debug_ranges   0x0000000000000000      0x448
 .debug_ranges  0x0000000000000000       0xc0 ./system/src/stm32f7-hal/stm32f7xx_hal.o
 .debug_ranges  0x00000000000000c0       0x88 ./system/src/stm32f7-hal/stm32f7xx_hal_cortex.o
 .debug_ranges  0x0000000000000148       0x70 ./system/src/stm32f7-hal/stm32f7xx_hal_pwr_ex.o
 .debug_ranges  0x00000000000001b8       0x78 ./system/src/stm32f7-hal/stm32f7xx_hal_rcc.o
 .debug_ranges  0x0000000000000230       0x18 ./system/src/newlib/_exit.o
 .debug_ranges  0x0000000000000248       0x10 ./system/src/newlib/_sbrk.o
 .debug_ranges  0x0000000000000258       0x30 ./system/src/newlib/_startup.o
 .debug_ranges  0x0000000000000288       0x20 ./system/src/newlib/_syscalls.o
 .debug_ranges  0x00000000000002a8       0x18 ./system/src/newlib/assert.o
 .debug_ranges  0x00000000000002c0       0x28 ./system/src/diag/Trace.o
 .debug_ranges  0x00000000000002e8       0x38 ./system/src/diag/trace_impl.o
 .debug_ranges  0x0000000000000320       0x18 ./system/src/cortexm/_initialize_hardware.o
 .debug_ranges  0x0000000000000338       0x98 ./system/src/cortexm/exception_handlers.o
 .debug_ranges  0x00000000000003d0       0x18 ./system/src/cmsis/system_stm32f7xx.o
 .debug_ranges  0x00000000000003e8       0x10 ./system/src/cmsis/vectors_stm32f745xx.o
 .debug_ranges  0x00000000000003f8       0x18 ./src/_initialize_hardware.o
 .debug_ranges  0x0000000000000410       0x10 ./src/main.o
 .debug_ranges  0x0000000000000420       0x28 ./src/stm32f7xx_hal_msp.o

.debug_macro    0x0000000000000000    0x1ec64
 .debug_macro   0x0000000000000000      0x51e ./system/src/stm32f7-hal/stm32f7xx_hal.o
 .debug_macro   0x000000000000051e      0x898 ./system/src/stm32f7-hal/stm32f7xx_hal.o
 .debug_macro   0x0000000000000db6      0x25c ./system/src/stm32f7-hal/stm32f7xx_hal.o
 .debug_macro   0x0000000000001012       0x2e ./system/src/stm32f7-hal/stm32f7xx_hal.o
 .debug_macro   0x0000000000001040       0x3b ./system/src/stm32f7-hal/stm32f7xx_hal.o
 .debug_macro   0x000000000000107b      0x34e ./system/src/stm32f7-hal/stm32f7xx_hal.o
 .debug_macro   0x00000000000013c9       0x35 ./system/src/stm32f7-hal/stm32f7xx_hal.o
 .debug_macro   0x00000000000013fe       0x50 ./system/src/stm32f7-hal/stm32f7xx_hal.o
 .debug_macro   0x000000000000144e     0x1114 ./system/src/stm32f7-hal/stm32f7xx_hal.o
 .debug_macro   0x0000000000002562     0xa541 ./system/src/stm32f7-hal/stm32f7xx_hal.o
 .debug_macro   0x000000000000caa3       0x43 ./system/src/stm32f7-hal/stm32f7xx_hal.o
 .debug_macro   0x000000000000cae6     0x32ff ./system/src/stm32f7-hal/stm32f7xx_hal.o
 .debug_macro   0x000000000000fde5       0x22 ./system/src/stm32f7-hal/stm32f7xx_hal.o
 .debug_macro   0x000000000000fe07       0x4c ./system/src/stm32f7-hal/stm32f7xx_hal.o
 .debug_macro   0x000000000000fe53       0x8d ./system/src/stm32f7-hal/stm32f7xx_hal.o
 .debug_macro   0x000000000000fee0       0x35 ./system/src/stm32f7-hal/stm32f7xx_hal.o
 .debug_macro   0x000000000000ff15       0x9c ./system/src/stm32f7-hal/stm32f7xx_hal.o
 .debug_macro   0x000000000000ffb1       0x16 ./system/src/stm32f7-hal/stm32f7xx_hal.o
 .debug_macro   0x000000000000ffc7       0x4a ./system/src/stm32f7-hal/stm32f7xx_hal.o
 .debug_macro   0x0000000000010011       0x97 ./system/src/stm32f7-hal/stm32f7xx_hal.o
 .debug_macro   0x00000000000100a8      0x30d ./system/src/stm32f7-hal/stm32f7xx_hal.o
 .debug_macro   0x00000000000103b5       0xfd ./system/src/stm32f7-hal/stm32f7xx_hal.o
 .debug_macro   0x00000000000104b2       0x10 ./system/src/stm32f7-hal/stm32f7xx_hal.o
 .debug_macro   0x00000000000104c2       0x52 ./system/src/stm32f7-hal/stm32f7xx_hal.o
 .debug_macro   0x0000000000010514       0x1f ./system/src/stm32f7-hal/stm32f7xx_hal.o
 .debug_macro   0x0000000000010533       0x43 ./system/src/stm32f7-hal/stm32f7xx_hal.o
 .debug_macro   0x0000000000010576       0x20 ./system/src/stm32f7-hal/stm32f7xx_hal.o
 .debug_macro   0x0000000000010596      0x187 ./system/src/stm32f7-hal/stm32f7xx_hal.o
 .debug_macro   0x000000000001071d       0x10 ./system/src/stm32f7-hal/stm32f7xx_hal.o
 .debug_macro   0x000000000001072d       0x5e ./system/src/stm32f7-hal/stm32f7xx_hal.o
 .debug_macro   0x000000000001078b       0x1c ./system/src/stm32f7-hal/stm32f7xx_hal.o
 .debug_macro   0x00000000000107a7       0x52 ./system/src/stm32f7-hal/stm32f7xx_hal.o
 .debug_macro   0x00000000000107f9       0x40 ./system/src/stm32f7-hal/stm32f7xx_hal.o
 .debug_macro   0x0000000000010839       0x10 ./system/src/stm32f7-hal/stm32f7xx_hal.o
 .debug_macro   0x0000000000010849       0x40 ./system/src/stm32f7-hal/stm32f7xx_hal.o
 .debug_macro   0x0000000000010889       0xd7 ./system/src/stm32f7-hal/stm32f7xx_hal.o
 .debug_macro   0x0000000000010960       0x16 ./system/src/stm32f7-hal/stm32f7xx_hal.o
 .debug_macro   0x0000000000010976      0x189 ./system/src/stm32f7-hal/stm32f7xx_hal.o
 .debug_macro   0x0000000000010aff       0x57 ./system/src/stm32f7-hal/stm32f7xx_hal.o
 .debug_macro   0x0000000000010b56      0x5c9 ./system/src/stm32f7-hal/stm32f7xx_hal.o
 .debug_macro   0x000000000001111f     0x1859 ./system/src/stm32f7-hal/stm32f7xx_hal.o
 .debug_macro   0x0000000000012978       0xdd ./system/src/stm32f7-hal/stm32f7xx_hal.o
 .debug_macro   0x0000000000012a55      0x11e ./system/src/stm32f7-hal/stm32f7xx_hal.o
 .debug_macro   0x0000000000012b73      0x1e5 ./system/src/stm32f7-hal/stm32f7xx_hal.o
 .debug_macro   0x0000000000012d58       0x27 ./system/src/stm32f7-hal/stm32f7xx_hal.o
 .debug_macro   0x0000000000012d7f      0x272 ./system/src/stm32f7-hal/stm32f7xx_hal.o
 .debug_macro   0x0000000000012ff1       0x5f ./system/src/stm32f7-hal/stm32f7xx_hal.o
 .debug_macro   0x0000000000013050      0x23a ./system/src/stm32f7-hal/stm32f7xx_hal.o
 .debug_macro   0x000000000001328a      0x38a ./system/src/stm32f7-hal/stm32f7xx_hal.o
 .debug_macro   0x0000000000013614      0x161 ./system/src/stm32f7-hal/stm32f7xx_hal.o
 .debug_macro   0x0000000000013775       0xf9 ./system/src/stm32f7-hal/stm32f7xx_hal.o
 .debug_macro   0x000000000001386e      0x36e ./system/src/stm32f7-hal/stm32f7xx_hal.o
 .debug_macro   0x0000000000013bdc      0x272 ./system/src/stm32f7-hal/stm32f7xx_hal.o
 .debug_macro   0x0000000000013e4e       0xab ./system/src/stm32f7-hal/stm32f7xx_hal.o
 .debug_macro   0x0000000000013ef9       0x4c ./system/src/stm32f7-hal/stm32f7xx_hal.o
 .debug_macro   0x0000000000013f45       0x2e ./system/src/stm32f7-hal/stm32f7xx_hal.o
 .debug_macro   0x0000000000013f73      0x1f3 ./system/src/stm32f7-hal/stm32f7xx_hal.o
 .debug_macro   0x0000000000014166       0xe6 ./system/src/stm32f7-hal/stm32f7xx_hal.o
 .debug_macro   0x000000000001424c       0xa1 ./system/src/stm32f7-hal/stm32f7xx_hal.o
 .debug_macro   0x00000000000142ed       0x3c ./system/src/stm32f7-hal/stm32f7xx_hal.o
 .debug_macro   0x0000000000014329       0x6c ./system/src/stm32f7-hal/stm32f7xx_hal.o
 .debug_macro   0x0000000000014395      0x1aa ./system/src/stm32f7-hal/stm32f7xx_hal.o
 .debug_macro   0x000000000001453f      0xd92 ./system/src/stm32f7-hal/stm32f7xx_hal.o
 .debug_macro   0x00000000000152d1      0x111 ./system/src/stm32f7-hal/stm32f7xx_hal.o
 .debug_macro   0x00000000000153e2      0x293 ./system/src/stm32f7-hal/stm32f7xx_hal.o
 .debug_macro   0x0000000000015675       0x12 ./system/src/stm32f7-hal/stm32f7xx_hal.o
 .debug_macro   0x0000000000015687      0x516 ./system/src/stm32f7-hal/stm32f7xx_hal.o
 .debug_macro   0x0000000000015b9d       0x88 ./system/src/stm32f7-hal/stm32f7xx_hal.o
 .debug_macro   0x0000000000015c25       0xce ./system/src/stm32f7-hal/stm32f7xx_hal.o
 .debug_macro   0x0000000000015cf3       0x10 ./system/src/stm32f7-hal/stm32f7xx_hal.o
 .debug_macro   0x0000000000015d03      0x1d0 ./system/src/stm32f7-hal/stm32f7xx_hal.o
 .debug_macro   0x0000000000015ed3       0x22 ./system/src/stm32f7-hal/stm32f7xx_hal.o
 .debug_macro   0x0000000000015ef5       0x66 ./system/src/stm32f7-hal/stm32f7xx_hal.o
 .debug_macro   0x0000000000015f5b      0x1b5 ./system/src/stm32f7-hal/stm32f7xx_hal.o
 .debug_macro   0x0000000000016110       0xab ./system/src/stm32f7-hal/stm32f7xx_hal.o
 .debug_macro   0x00000000000161bb      0x22c ./system/src/stm32f7-hal/stm32f7xx_hal.o
 .debug_macro   0x00000000000163e7      0x133 ./system/src/stm32f7-hal/stm32f7xx_hal.o
 .debug_macro   0x000000000001651a      0x10c ./system/src/stm32f7-hal/stm32f7xx_hal.o
 .debug_macro   0x0000000000016626       0x3c ./system/src/stm32f7-hal/stm32f7xx_hal.o
 .debug_macro   0x0000000000016662      0x2db ./system/src/stm32f7-hal/stm32f7xx_hal.o
 .debug_macro   0x000000000001693d       0x7b ./system/src/stm32f7-hal/stm32f7xx_hal.o
 .debug_macro   0x00000000000169b8      0x313 ./system/src/stm32f7-hal/stm32f7xx_hal.o
 .debug_macro   0x0000000000016ccb      0x4dc ./system/src/stm32f7-hal/stm32f7xx_hal.o
 .debug_macro   0x00000000000171a7       0xd6 ./system/src/stm32f7-hal/stm32f7xx_hal.o
 .debug_macro   0x000000000001727d      0x398 ./system/src/stm32f7-hal/stm32f7xx_hal.o
 .debug_macro   0x0000000000017615       0xd6 ./system/src/stm32f7-hal/stm32f7xx_hal.o
 .debug_macro   0x00000000000176eb      0x398 ./system/src/stm32f7-hal/stm32f7xx_hal.o
 .debug_macro   0x0000000000017a83      0x22b ./system/src/stm32f7-hal/stm32f7xx_hal.o
 .debug_macro   0x0000000000017cae      0x1ed ./system/src/stm32f7-hal/stm32f7xx_hal.o
 .debug_macro   0x0000000000017e9b      0x2e2 ./system/src/stm32f7-hal/stm32f7xx_hal.o
 .debug_macro   0x000000000001817d      0x677 ./system/src/stm32f7-hal/stm32f7xx_hal.o
 .debug_macro   0x00000000000187f4      0x24f ./system/src/stm32f7-hal/stm32f7xx_hal.o
 .debug_macro   0x0000000000018a43      0x138 ./system/src/stm32f7-hal/stm32f7xx_hal.o
 .debug_macro   0x0000000000018b7b      0x4e8 ./system/src/stm32f7-hal/stm32f7xx_hal.o
 .debug_macro   0x0000000000019063       0x47 ./system/src/stm32f7-hal/stm32f7xx_hal.o
 .debug_macro   0x00000000000190aa      0x1df ./system/src/stm32f7-hal/stm32f7xx_hal.o
 .debug_macro   0x0000000000019289       0x29 ./system/src/stm32f7-hal/stm32f7xx_hal.o
 .debug_macro   0x00000000000192b2       0x58 ./system/src/stm32f7-hal/stm32f7xx_hal.o
 .debug_macro   0x000000000001930a      0x1c3 ./system/src/stm32f7-hal/stm32f7xx_hal.o
 .debug_macro   0x00000000000194cd       0x30 ./system/src/stm32f7-hal/stm32f7xx_hal.o
 .debug_macro   0x00000000000194fd       0x58 ./system/src/stm32f7-hal/stm32f7xx_hal.o
 .debug_macro   0x0000000000019555      0x2cd ./system/src/stm32f7-hal/stm32f7xx_hal.o
 .debug_macro   0x0000000000019822       0x10 ./system/src/stm32f7-hal/stm32f7xx_hal.o
 .debug_macro   0x0000000000019832       0xa5 ./system/src/stm32f7-hal/stm32f7xx_hal.o
 .debug_macro   0x00000000000198d7       0x8d ./system/src/stm32f7-hal/stm32f7xx_hal.o
 .debug_macro   0x0000000000019964      0x1df ./system/src/stm32f7-hal/stm32f7xx_hal.o
 .debug_macro   0x0000000000019b43      0x119 ./system/src/stm32f7-hal/stm32f7xx_hal.o
 .debug_macro   0x0000000000019c5c       0x75 ./system/src/stm32f7-hal/stm32f7xx_hal.o
 .debug_macro   0x0000000000019cd1      0x130 ./system/src/stm32f7-hal/stm32f7xx_hal.o
 .debug_macro   0x0000000000019e01      0x4fa ./system/src/stm32f7-hal/stm32f7xx_hal_cortex.o
 .debug_macro   0x000000000001a2fb      0x512 ./system/src/stm32f7-hal/stm32f7xx_hal_pwr_ex.o
 .debug_macro   0x000000000001a80d      0x51e ./system/src/stm32f7-hal/stm32f7xx_hal_rcc.o
 .debug_macro   0x000000000001ad2b      0x19c ./system/src/newlib/_exit.o
 .debug_macro   0x000000000001aec7      0x10e ./system/src/newlib/_exit.o
 .debug_macro   0x000000000001afd5       0x8d ./system/src/newlib/_exit.o
 .debug_macro   0x000000000001b062       0x35 ./system/src/newlib/_exit.o
 .debug_macro   0x000000000001b097      0x151 ./system/src/newlib/_sbrk.o
 .debug_macro   0x000000000001b1e8      0x174 ./system/src/newlib/_sbrk.o
 .debug_macro   0x000000000001b35c       0x10 ./system/src/newlib/_sbrk.o
 .debug_macro   0x000000000001b36c      0x23b ./system/src/newlib/_sbrk.o
 .debug_macro   0x000000000001b5a7      0x15b ./system/src/newlib/_startup.o
 .debug_macro   0x000000000001b702      0x89e ./system/src/newlib/_startup.o
 .debug_macro   0x000000000001bfa0      0x1f5 ./system/src/newlib/_syscalls.o
 .debug_macro   0x000000000001c195       0x1c ./system/src/newlib/_syscalls.o
 .debug_macro   0x000000000001c1b1       0x10 ./system/src/newlib/_syscalls.o
 .debug_macro   0x000000000001c1c1       0x10 ./system/src/newlib/_syscalls.o
 .debug_macro   0x000000000001c1d1       0x10 ./system/src/newlib/_syscalls.o
 .debug_macro   0x000000000001c1e1       0x35 ./system/src/newlib/_syscalls.o
 .debug_macro   0x000000000001c216      0x122 ./system/src/newlib/_syscalls.o
 .debug_macro   0x000000000001c338       0x88 ./system/src/newlib/_syscalls.o
 .debug_macro   0x000000000001c3c0       0x2b ./system/src/newlib/_syscalls.o
 .debug_macro   0x000000000001c3eb      0x118 ./system/src/newlib/_syscalls.o
 .debug_macro   0x000000000001c503      0x159 ./system/src/newlib/_syscalls.o
 .debug_macro   0x000000000001c65c       0x16 ./system/src/newlib/_syscalls.o
 .debug_macro   0x000000000001c672      0x1b8 ./system/src/newlib/assert.o
 .debug_macro   0x000000000001c82a       0x1c ./system/src/newlib/assert.o
 .debug_macro   0x000000000001c846      0x1c9 ./system/src/diag/Trace.o
 .debug_macro   0x000000000001ca0f       0x52 ./system/src/diag/Trace.o
 .debug_macro   0x000000000001ca61       0x16 ./system/src/diag/Trace.o
 .debug_macro   0x000000000001ca77      0x531 ./system/src/diag/trace_impl.o
 .debug_macro   0x000000000001cfa8       0x22 ./system/src/diag/trace_impl.o
 .debug_macro   0x000000000001cfca      0x4f5 ./system/src/cortexm/_initialize_hardware.o
 .debug_macro   0x000000000001d4bf      0x54a ./system/src/cortexm/exception_handlers.o
 .debug_macro   0x000000000001da09       0x3b ./system/src/cortexm/exception_handlers.o
 .debug_macro   0x000000000001da44      0x4f1 ./system/src/cmsis/system_stm32f7xx.o
 .debug_macro   0x000000000001df35       0x34 ./system/src/cmsis/vectors_stm32f745xx.o
 .debug_macro   0x000000000001df69      0x4f4 ./src/_initialize_hardware.o
 .debug_macro   0x000000000001e45d      0x136 ./src/_initialize_hardware.o
 .debug_macro   0x000000000001e593      0x1d7 ./src/main.o
 .debug_macro   0x000000000001e76a      0x4fa ./src/stm32f7xx_hal_msp.o
